0 2665885567 0 0
3 2133845662 0 0
33554432 0 2953117696 3494926682
3 0 0 0
33554432 16777216 2953117696 1614192314
3 1 0 0
33554432 33554432 2953117696 2818651359
3 2 0 0
33554432 50331648 2953117696 1079577387
3 3 0 0
33554432 67108864 2953117696 3309625993
3 4 0 0
33554432 83886080 2953117696 3494926682
3 5 0 0
33554432 100663296 2953117696 1614192314
3 6 0 0
33554432 117440512 2953117696 2818651359
3 7 0 0
33554432 134217728 1610678272 4007641851
3 8 0 0
16777216 2665885567 0 0
3 2133845662 0 0
