0 1952483555 0 0
3 1952483555 0 0
2 0 1456 1515802832
2 1 1456 3130930784
2 2 1456 3744727464
2 3 1456 722164032
3 1 0 0
2 1 1456 3130930784
2 2 1456 3744727464
2 3 1456 722164032
2 4 1456 2313307333
3 2 0 0
2 2 1456 3744727464
2 3 1456 722164032
2 4 1456 2313307333
2 5 1456 1515802832
3 3 0 0
2 3 1456 722164032
2 4 1456 2313307333
2 5 1456 1515802832
2 6 1456 3130930784
3 4 0 0
2 4 1456 2313307333
2 5 1456 1515802832
2 6 1456 3130930784
2 7 1456 3744727464
3 4 0 0
2 7 1456 3744727464
2 6 1456 3130930784
2 5 1456 1515802832
2 4 1456 2313307333
3 4 0 0
2 7 1456 3744727464
2 6 1456 3130930784
2 5 1456 1515802832
2 4 1456 2313307333
3 4 0 0
2 7 1456 3744727464
2 6 1456 3130930784
2 5 1456 1515802832
2 4 1456 2313307333
3 5 0 0
2 5 1456 1515802832
2 6 1456 3130930784
2 7 1456 3744727464
2 8 352 4223852526
3 5 0 0
2 8 352 4223852526
2 7 1456 3744727464
2 6 1456 3130930784
2 5 1456 1515802832
3 5 0 0
2 8 352 4223852526
2 7 1456 3744727464
2 6 1456 3130930784
2 5 1456 1515802832
3 5 0 0
2 8 352 4223852526
2 7 1456 3744727464
2 6 1456 3130930784
2 5 1456 1515802832
3 6 0 0
2 6 1456 3130930784
2 7 1456 3744727464
2 8 352 4223852526
3 6 0 0
2 8 352 4223852526
2 7 1456 3744727464
2 6 1456 3130930784
3 6 0 0
2 8 352 4223852526
2 7 1456 3744727464
2 6 1456 3130930784
3 6 0 0
2 8 352 4223852526
2 7 1456 3744727464
2 6 1456 3130930784
3 7 0 0
2 7 1456 3744727464
2 8 352 4223852526
3 7 0 0
2 8 352 4223852526
2 7 1456 3744727464
3 7 0 0
2 8 352 4223852526
2 7 1456 3744727464
3 7 0 0
2 8 352 4223852526
2 7 1456 3744727464
3 8 0 0
2 8 352 4223852526
3 8 0 0
2 8 352 4223852526
3 8 0 0
2 8 352 4223852526
3 8 0 0
2 8 352 4223852526
3 8 0 0
2 8 352 4223852526
3 8 0 0
2 8 352 4223852526
3 8 0 0
2 8 352 4223852526
3 8 0 0
2 8 352 4223852526
3 8 0 0
2 8 352 4223852526
3 8 0 0
2 8 352 4223852526
3 8 0 0
2 8 352 4223852526
3 8 0 0
2 8 352 4223852526
3 8 0 0
2 8 352 4223852526
3 8 0 0
2 8 352 4223852526
3 8 0 0
2 8 352 4223852526
3 8 0 0
2 8 352 4223852526
3 9 0 0
1 1952483555 0 0
1 1952483555 0 0
1 1952483555 0 0
1 1952483555 0 0
1 1952483555 0 0
1 1952483555 0 0
1 1952483555 0 0
1 1952483555 0 0
1 1952483555 0 0
1 1952483555 0 0
1 1952483555 0 0
1 1952483555 0 0
1 1952483555 0 0
1 1952483555 0 0
1 1952483555 0 0
1 1952483555 0 0
1 1952483555 0 0
1 1952483555 0 0
1 1952483555 0 0
1 1952483555 0 0
1 1952483555 0 0
1 1952483555 0 0
1 1952483555 0 0
1 1952483555 0 0
1 1952483555 0 0
1 1952483555 0 0
1 1952483555 0 0
1 1952483555 0 0
1 1952483555 0 0
1 1952483555 0 0
1 1952483555 0 0
1 1952483555 0 0
1 1952483555 0 0
1 1952483555 0 0
1 1952483555 0 0
1 1952483555 0 0
1 1952483555 0 0
1 1952483555 0 0
1 1952483555 0 0
1 1952483555 0 0
1 1952483555 0 0
1 1952483555 0 0
1 1952483555 0 0
1 1952483555 0 0
1 1952483555 0 0
1 1952483555 0 0
1 1952483555 0 0
1 1952483555 0 0
1 1952483555 0 0
3 1952483555 0 0
